#
# There is insufficient memory for the Java Runtime Environment to continue.
# Native memory allocation (mmap) failed to map 333447168 bytes for Failed to commit area from 0x00000006c2800000 to 0x00000006d6600000 of length 333447168.
# Possible reasons:
#   The system is out of physical RAM or swap space
#   The process is running with CompressedOops enabled, and the Java Heap may be blocking the growth of the native heap
# Possible solutions:
#   Reduce memory load on the system
#   Increase physical memory or swap space
#   Check if swap backing store is full
#   Decrease Java heap size (-Xmx/-Xms)
#   Decrease number of Java threads
#   Decrease Java thread stack sizes (-Xss)
#   Set larger code cache with -XX:ReservedCodeCacheSize=
# This output file may be truncated or incomplete.
#
#  Out of Memory Error (./open/src/hotspot/os/windows/os_windows.cpp:3287), pid=49704, tid=32972
#
# JRE version:  (11.0.16.1+1) (build )
# Java VM: Java HotSpot(TM) 64-Bit Server VM (11.0.16.1+1-LTS-1, mixed mode, sharing, tiered, compressed oops, g1 gc, windows-amd64)
# No core dump will be written. Minidumps are not enabled by default on client versions of Windows
#

---------------  S U M M A R Y ------------

Command Line: 

Host: Intel(R) Core(TM) i5-10210U CPU @ 1.60GHz, 8 cores, 19G,  Windows 11 , 64 bit Build 22621 (10.0.22621.755)
Time: Tue Dec 13 19:28:15 2022 E. Africa Standard Time elapsed time: 0.017381 seconds (0d 0h 0m 0s)

---------------  T H R E A D  ---------------

Current thread (0x0000021821ba8800):  JavaThread "Unknown thread" [_thread_in_vm, id=32972, stack(0x0000009627f00000,0x0000009628000000)]

Stack: [0x0000009627f00000,0x0000009628000000]
Native frames: (J=compiled Java code, j=interpreted, Vv=VM code, C=native code)
V  [jvm.dll+0x62a3da]
V  [jvm.dll+0x76407f]
V  [jvm.dll+0x765729]
V  [jvm.dll+0x765db3]
V  [jvm.dll+0x23dc18]
V  [jvm.dll+0x6276fa]
V  [jvm.dll+0x61c465]
V  [jvm.dll+0x2f2c2c]
V  [jvm.dll+0x2f2ab2]
V  [jvm.dll+0x2f77d6]
V  [jvm.dll+0x33a1df]
V  [jvm.dll+0x339c10]
V  [jvm.dll+0x2d0248]
V  [jvm.dll+0x2d13b6]
V  [jvm.dll+0x73e647]
V  [jvm.dll+0x73fedf]
V  [jvm.dll+0x346f09]
V  [jvm.dll+0x723f50]
V  [jvm.dll+0x3b5aef]
V  [jvm.dll+0x3b7c01]
C  [jli.dll+0x5207]
C  [ucrtbase.dll+0x29363]
C  [KERNEL32.DLL+0x1244d]
C  [ntdll.dll+0x5dfb8]


---------------  P R O C E S S  ---------------

Threads class SMR info:
_java_thread_list=0x000002181f91fc50, length=0, elements={
}

Java Threads: ( => current thread )

Other Threads:
  0x0000021821bbe000 GCTaskThread "GC Thread#0" [stack: 0x0000009628000000,0x0000009628100000] [id=45788]
  0x0000021821c2c000 ConcurrentGCThread "G1 Main Marker" [stack: 0x0000009628100000,0x0000009628200000] [id=32276]
  0x0000021821c30000 ConcurrentGCThread "G1 Conc#0" [stack: 0x0000009628200000,0x0000009628300000] [id=48628]

[error occurred during error reporting (printing all threads), id 0xc0000005, EXCEPTION_ACCESS_VIOLATION (0xc0000005) at pc=0x00007ffddf44f4d7]

VM state:not at safepoint (not fully initialized)

VM Mutex/Monitor currently owned by a thread:  ([mutex/lock_event])
[0x0000021821ba68c0] Heap_lock - owner thread: 0x0000021821ba8800

Heap address: 0x00000006c2800000, size: 5080 MB, Compressed Oops mode: Non-zero based: 0x00000006c2800000
Narrow klass base: 0x0000000000000000, Narrow klass shift: 0

GC Heap History (0 events):
No events

Deoptimization events (0 events):
No events

Classes redefined (0 events):
No events

Internal exceptions (0 events):
No events

Events (0 events):
No events


Dynamic libraries:
0x00007ff6537a0000 - 0x00007ff6537af000 	C:\Program Files\Java\jdk-11.0.16.1\bin\java.exe
0x00007ffe8ddd0000 - 0x00007ffe8dfe4000 	C:\WINDOWS\SYSTEM32\ntdll.dll
0x00007ffe8c370000 - 0x00007ffe8c432000 	C:\WINDOWS\System32\KERNEL32.DLL
0x00007ffe8b790000 - 0x00007ffe8bb2d000 	C:\WINDOWS\System32\KERNELBASE.dll
0x00007ffe8b550000 - 0x00007ffe8b661000 	C:\WINDOWS\System32\ucrtbase.dll
0x00007ffe64ff0000 - 0x00007ffe65005000 	C:\Program Files\Java\jdk-11.0.16.1\bin\VCRUNTIME140.dll
0x00007ffe65010000 - 0x00007ffe65028000 	C:\Program Files\Java\jdk-11.0.16.1\bin\jli.dll
0x00007ffe8d730000 - 0x00007ffe8d7de000 	C:\WINDOWS\System32\ADVAPI32.dll
0x00007ffe8cb30000 - 0x00007ffe8cbd7000 	C:\WINDOWS\System32\msvcrt.dll
0x00007ffe8cce0000 - 0x00007ffe8cd84000 	C:\WINDOWS\System32\sechost.dll
0x00007ffe8c0e0000 - 0x00007ffe8c1f5000 	C:\WINDOWS\System32\RPCRT4.dll
0x00007ffe8cd90000 - 0x00007ffe8cf3a000 	C:\WINDOWS\System32\USER32.dll
0x00007ffe8b6f0000 - 0x00007ffe8b716000 	C:\WINDOWS\System32\win32u.dll
0x00007ffe70b20000 - 0x00007ffe70dae000 	C:\WINDOWS\WinSxS\amd64_microsoft.windows.common-controls_6595b64144ccf1df_6.0.22621.608_none_a9444ca7c10bb01d\COMCTL32.dll
0x00007ffe8c460000 - 0x00007ffe8c489000 	C:\WINDOWS\System32\GDI32.dll
0x00007ffe8b2c0000 - 0x00007ffe8b3d2000 	C:\WINDOWS\System32\gdi32full.dll
0x00007ffe8bb30000 - 0x00007ffe8bbca000 	C:\WINDOWS\System32\msvcp_win.dll
0x00007ffe80d00000 - 0x00007ffe80d0a000 	C:\WINDOWS\SYSTEM32\VERSION.dll
0x00007ffe8dd50000 - 0x00007ffe8dd82000 	C:\WINDOWS\System32\IMM32.DLL
0x00007ffe54fd0000 - 0x00007ffe5506b000 	C:\Program Files\Java\jdk-11.0.16.1\bin\msvcp140.dll
0x00007ffddf170000 - 0x00007ffddfc88000 	C:\Program Files\Java\jdk-11.0.16.1\bin\server\jvm.dll
0x00007ffe8c6c0000 - 0x00007ffe8c6c8000 	C:\WINDOWS\System32\PSAPI.DLL
0x00007ffe84970000 - 0x00007ffe849a4000 	C:\WINDOWS\SYSTEM32\WINMM.dll
0x00007ffe6bd70000 - 0x00007ffe6bd79000 	C:\WINDOWS\SYSTEM32\WSOCK32.dll
0x00007ffe8c630000 - 0x00007ffe8c6a1000 	C:\WINDOWS\System32\WS2_32.dll
0x00007ffe8a230000 - 0x00007ffe8a248000 	C:\WINDOWS\SYSTEM32\kernel.appcore.dll
0x00007ffe88510000 - 0x00007ffe88520000 	C:\Program Files\Java\jdk-11.0.16.1\bin\verify.dll
0x00007ffe82620000 - 0x00007ffe8284e000 	C:\WINDOWS\SYSTEM32\DBGHELP.DLL
0x00007ffe8c6e0000 - 0x00007ffe8ca6a000 	C:\WINDOWS\System32\combase.dll
0x00007ffe8c290000 - 0x00007ffe8c367000 	C:\WINDOWS\System32\OLEAUT32.dll
0x00007ffe712a0000 - 0x00007ffe712d2000 	C:\WINDOWS\SYSTEM32\dbgcore.DLL
0x00007ffe8b670000 - 0x00007ffe8b6eb000 	C:\WINDOWS\System32\bcryptPrimitives.dll
0x00007ffe5f7d0000 - 0x00007ffe5f7f8000 	C:\Program Files\Java\jdk-11.0.16.1\bin\java.dll
0x00007ffe7a4d0000 - 0x00007ffe7a4da000 	C:\Program Files\Java\jdk-11.0.16.1\bin\jimage.dll
0x00007ffe5f5d0000 - 0x00007ffe5f5e6000 	C:\Program Files\Java\jdk-11.0.16.1\bin\zip.dll

dbghelp: loaded successfully - version: 4.0.5 - missing functions: none
symbol engine: initialized successfully - sym options: 0x614 - pdb path: .;C:\Program Files\Java\jdk-11.0.16.1\bin;C:\WINDOWS\SYSTEM32;C:\WINDOWS\WinSxS\amd64_microsoft.windows.common-controls_6595b64144ccf1df_6.0.22621.608_none_a9444ca7c10bb01d;C:\Program Files\Java\jdk-11.0.16.1\bin\server

VM Arguments:
java_command: <unknown>
java_class_path (initial): <not set>
Launcher Type: SUN_STANDARD

[Global flags]
     intx CICompilerCount                          = 4                                         {product} {ergonomic}
     uint ConcGCThreads                            = 2                                         {product} {ergonomic}
     uint G1ConcRefinementThreads                  = 8                                         {product} {ergonomic}
   size_t G1HeapRegionSize                         = 1048576                                   {product} {ergonomic}
    uintx GCDrainStackTargetSize                   = 64                                        {product} {ergonomic}
   size_t InitialHeapSize                          = 333447168                                 {product} {ergonomic}
   size_t MarkStackSize                            = 4194304                                   {product} {ergonomic}
   size_t MaxHeapSize                              = 5326766080                                {product} {ergonomic}
   size_t MinHeapDeltaBytes                        = 1048576                                   {product} {ergonomic}
    uintx NonNMethodCodeHeapSize                   = 5836300                                {pd product} {ergonomic}
    uintx NonProfiledCodeHeapSize                  = 122910970                              {pd product} {ergonomic}
    uintx ProfiledCodeHeapSize                     = 122910970                              {pd product} {ergonomic}
    uintx ReservedCodeCacheSize                    = 251658240                              {pd product} {ergonomic}
     bool SegmentedCodeCache                       = true                                      {product} {ergonomic}
     bool UseCompressedClassPointers               = true                                 {lp64_product} {ergonomic}
     bool UseCompressedOops                        = true                                 {lp64_product} {ergonomic}
     bool UseG1GC                                  = true                                      {product} {ergonomic}
     bool UseLargePagesIndividualAllocation        = false                                  {pd product} {ergonomic}

Logging:
Log output configuration:
 #0: stdout all=warning uptime,level,tags
 #1: stderr all=off uptime,level,tags

Environment Variables:
PATH=C:\Users\Aziz\Documents\Projects\trial\Afyanetapp\android\node_modules\.bin;C:\Users\Aziz\Documents\Projects\trial\Afyanetapp\node_modules\.bin;C:\Users\Aziz\Documents\Projects\trial\node_modules\.bin;C:\Users\Aziz\Documents\Projects\node_modules\.bin;C:\Users\Aziz\Documents\node_modules\.bin;C:\Users\Aziz\node_modules\.bin;C:\Users\node_modules\.bin;C:\node_modules\.bin;C:\Program Files\nodejs;C:\Users\Aziz\AppData\Local\Temp\yarn--1670948871854-0.9239749113608742;C:\Users\Aziz\Documents\Projects\trial\Afyanetapp\node_modules\.bin;C:\Users\Aziz\AppData\Local\Yarn\Data\link\node_modules\.bin;C:\Users\Aziz\AppData\Local\Yarn\bin;C:\Program Files\libexec\lib\node_modules\npm\bin\node-gyp-bin;C:\Program Files\lib\node_modules\npm\bin\node-gyp-bin;C:\Program Files\nodejs\node_modules\npm\bin\node-gyp-bin;C:\Program Files\Common Files\Oracle\Java\javapath;C:\WINDOWS\system32;C:\WINDOWS;C:\WINDOWS\System32\Wbem;C:\WINDOWS\System32\WindowsPowerShell\v1.0\;C:\WINDOWS\System32\OpenSSH\;C:\Program Files\Git\cmd;C:\Program Files\nodejs\;C:\Program Files\Docker\Docker\resources\bin;C:\ProgramData\DockerDesktop\version-bin;C:\Program Files\dotnet\;C:\Users\Aziz\AppData\Local\Android\Sdk\platform-tools;C:\Users\Aziz\AppData\Roaming\npm;;C:\Users\Aziz\AppData\Local\Microsoft\WindowsApps;C:\Users\Aziz\AppData\Local\Programs\Microsoft VS Code\bin
USERNAME=Aziz
OS=Windows_NT
PROCESSOR_IDENTIFIER=Intel64 Family 6 Model 142 Stepping 12, GenuineIntel



---------------  S Y S T E M  ---------------

OS: Windows 11 , 64 bit Build 22621 (10.0.22621.755)
Hyper-V role detected

CPU:total 8 (initial active 8) (4 cores per cpu, 2 threads per core) family 6 model 142 stepping 12 microcode 0xea, cmov, cx8, fxsr, mmx, sse, sse2, sse3, ssse3, sse4.1, sse4.2, popcnt, avx, avx2, aes, clmul, erms, 3dnowpref, lzcnt, ht, tsc, tscinvbit, bmi1, bmi2, adx, fma

Memory: 4k page, system-wide physical 20313M (355M free)
TotalPageFile size 81202M (AvailPageFile size 121M)
current process WorkingSet (physical memory assigned to process): 10M, peak: 10M
current process commit charge ("private bytes"): 61M, peak: 379M

vm_info: Java HotSpot(TM) 64-Bit Server VM (11.0.16.1+1-LTS-1) for windows-amd64 JRE (11.0.16.1+1-LTS-1), built on Aug 16 2022 01:46:01 by "mach5one" with MS VC++ 15.9 (VS2017)

END.
